// Jest Snapshot v1, https://goo.gl/fbAQLP

exports[`<DropDownTextField /> matches snapshot 1`] = `
<div
  className="sc-fzoLsD iAaohI"
>
  <div
    className="sc-fzpans cqeKxx"
  >
    some header text
    <span
      className="sc-fznZeY ciOsIR"
    >
      *
    </span>
  </div>
  <div
    className="sc-fzpans cqeKxx"
  >
    <div
      className="sc-fzplWN gFyNBt"
    >
      <div
        className="sc-AxgMl bKFcdD"
      >
        <div
          className="sc-AxheI cmsLbY"
        />
        <div
          className="sc-AxheI cmsLbY"
        >
          <select
            className="sc-Axmtr duYEwY"
            id="fieldId_dropDown"
            onChange={[Function]}
            value=""
          >
            <option
              value=""
            >
              Select...
            </option>
            <option
              value="+61"
            >
              +61
            </option>
          </select>
        </div>
        <div
          className="sc-AxheI cmsLbY"
        >
          <span
            className="sc-AxmLO yHMjz"
          />
        </div>
      </div>
    </div>
    <div
      className="sc-fznyAO eqTdrq"
    >
      <div
        className="sc-AxjAm iPShpD"
      >
        <div
          className="sc-AxirZ bqmkbb"
        />
        <div
          className="sc-AxirZ bqmkbb"
        >
          <input
            className="sc-AxiKw jgecmR"
            id="fieldId_text"
            onChange={[Function]}
            type="text"
            value=""
          />
        </div>
        <div
          className="sc-AxirZ bqmkbb"
        >
          <span
            className="sc-AxhCb jNwDnw"
          />
        </div>
      </div>
    </div>
  </div>
  <div
    className="sc-fzpans cqeKxx"
  >
    <span
      className="sc-fznKkj WVcGc"
    >
      
    </span>
  </div>
</div>
`;
